all	cases=62 breaks=135 output-breaks=117 correct=117 precision=100.0% recall=86.7% f1=92.9% over-segmentation=-1.82 list-items=60/69 inside-sentence=0
codeEditor	cases=1 breaks=1 output-breaks=1 correct=1 precision=100.0% recall=100.0% f1=100.0% over-segmentation=+0.00 list-items=0/0 inside-sentence=0
document	cases=32 breaks=89 output-breaks=81 correct=81 precision=100.0% recall=91.0% f1=95.3% over-segmentation=-1.34 list-items=56/59 inside-sentence=0
email	cases=3 breaks=11 output-breaks=10 correct=10 precision=100.0% recall=90.9% f1=95.2% over-segmentation=-0.81 list-items=0/0 inside-sentence=0
messaging	cases=1 breaks=1 output-breaks=1 correct=1 precision=100.0% recall=100.0% f1=100.0% over-segmentation=+0.00 list-items=0/0 inside-sentence=0
plain	cases=24 breaks=29 output-breaks=24 correct=24 precision=100.0% recall=82.8% f1=90.6% over-segmentation=-2.49 list-items=4/10 inside-sentence=0
sqlEditor	cases=1 breaks=4 output-breaks=0 correct=0 precision=- recall=0.0% f1=- over-segmentation=-11.43 list-items=0/0 inside-sentence=0
